model-api-1      | 2025-12-07T18:12:51: PM2 log: Launching in no daemon mode
model-api-1      | 2025-12-07T18:12:51: PM2 log: App [server-ui-prod:0] starting in -cluster mode-
model-api-1      | 2025-12-07T18:12:51: PM2 log: App [server-ui-prod:0] online
model-api-1      | Connecting to database...
model-api-1      | Synchronising database...
model-api-1      | Running migrations...
model-api-1      | Listening on port 3000
model-api-1      | Server ready at: http://localhost:3000
gateway-redis-1  | 1:C 07 Dec 2025 18:12:50.858 # oO0OoO0OoO0Oo Redis is starting oO0OoO0OoO0Oo
storage-api-1    | 2025-12-07T18:12:51: PM2 log: Launching in no daemon mode
madoc-ts-1       | 2025-12-07T18:12:50: PM2 log: Launching in no daemon mode
madoc-ts-1       | 2025-12-07T18:12:50: PM2 log: App [server:0] starting in -cluster mode-
madoc-ts-1       | 2025-12-07T18:12:50: PM2 log: App [queue:1] starting in -cluster mode-
madoc-ts-1       | 2025-12-07T18:12:50: PM2 log: App [server:0] online
madoc-ts-1       | 2025-12-07T18:12:50: PM2 log: App [scheduler:2] starting in -cluster mode-
madoc-ts-1       | 2025-12-07T18:12:50: PM2 log: App [queue:1] online
madoc-ts-1       | 2025-12-07T18:12:50: PM2 log: App [queue:3] starting in -cluster mode-
madoc-ts-1       | 2025-12-07T18:12:50: PM2 log: App [scheduler:2] online
madoc-ts-1       | 2025-12-07T18:12:50: PM2 log: App [auth:4] starting in -cluster mode-
madoc-ts-1       | 2025-12-07T18:12:50: PM2 log: App [queue:3] online
madoc-ts-1       | 2025-12-07T18:12:50: PM2 log: App [auth:4] online
madoc-ts-1       | RSA: Checking Keypair exists
madoc-ts-1       | RSA: Keys exists, skipping...
madoc-ts-1       | Auth server is running on http://0.0.0.0:3001
madoc-ts-1       | Scheduler madoc-ts starting...
madoc-ts-1       | Scheduler madoc-ts started...
madoc-ts-1       | Worker madoc-ts started...
madoc-ts-1       | Worker madoc-ts started...
gateway-1        | /docker-entrypoint.sh: /docker-entrypoint.d/ is not empty, will attempt to perform configuration
gateway-1        | /docker-entrypoint.sh: Looking for shell scripts in /docker-entrypoint.d/
gateway-1        | /docker-entrypoint.sh: Launching /docker-entrypoint.d/10-listen-on-ipv6-by-default.sh
gateway-1        | 10-listen-on-ipv6-by-default.sh: info: Getting the checksum of /etc/nginx/conf.d/default.conf
madoc-ts-1       |   [90m<--[39m [1mGET[22m [90m/[39m
madoc-ts-1       |   [90m-->[39m [1mGET[22m [90m/[39m [36m302[39m [90m40ms[39m [90m51b[39m
search-1         | entrypoint: PostgreSQL is available
gateway-redis-1  | 1:C 07 Dec 2025 18:12:50.858 # Redis version=5.0.14, bits=64, commit=00000000, modified=0, pid=1, just started
search-1         | True
gateway-redis-1  | 1:C 07 Dec 2025 18:12:50.858 # Warning: no config file specified, using the default config. In order to specify a config file use redis-server /path/to/redis.conf
madoc-ts-1       |   [90m<--[39m [1mGET[22m [90m/s/turfan/admin[39m
gateway-1        | 10-listen-on-ipv6-by-default.sh: info: Enabled listen on IPv6 in /etc/nginx/conf.d/default.conf
gateway-1        | /docker-entrypoint.sh: Sourcing /docker-entrypoint.d/15-local-resolvers.envsh
gateway-1         | /docker-entrypoint.sh: Launching /docker-entrypoint.d/20-envsubst-on-templates.sh
config-service-1  | PostgreSQL is available
okra-1           | *** Starting uWSGI 2.0.19.1 (64bit) on [Sun Dec  7 18:12:50 2025] ***
config-service-1  | True
okra-1            | compiled with version: 8.3.0 on 13 January 2021 15:27:27
gateway-1         | /docker-entrypoint.sh: Launching /docker-entrypoint.d/30-tune-worker-processes.sh
okra-1            | os: Linux-6.1.0-41-amd64 #1 SMP PREEMPT_DYNAMIC Debian 6.1.158-1 (2025-11-09)
gateway-1         | /docker-entrypoint.sh: Configuration complete; ready for start up
madoc-ts-1       |   [90m<--[39m [1mGET[22m [90m/s/turfan/madoc/api/locales[39m
gateway-1         | 2025/12/07 18:12:51 [warn] 1#1: the "listen ... http2" directive is deprecated, use the "http2" directive instead in /etc/nginx/conf.d/gateway.conf:8
madoc-ts-1        |   [90m-->[39m [1mGET[22m [90m/s/turfan/madoc/api/locales[39m [32m200[39m [90m138ms[39m [90m184b[39m
madoc-ts-1        |   [90m<--[39m [1mGET[22m [90m/api/madoc/iiif/statistics[39m
madoc-ts-1        |   [90m-->[39m [1mGET[22m [90m/api/madoc/iiif/statistics[39m [32m200[39m [90m13ms[39m [90m63b[39m
madoc-ts-1        |   [90m-->[39m [1mGET[22m [90m/s/turfan/admin[39m [32m200[39m [90m223ms[39m [90m27.44kb[39m
madoc-ts-1        |   [90m<--[39m [1mGET[22m [90m/s/default/madoc/assets/admin-50b996b3.js[39m
madoc-ts-1        |   [90m<--[39m [1mGET[22m [90m/s/default/madoc/assets/vendor-166275c9.js[39m
madoc-ts-1        |   [90m<--[39m [1mGET[22m [90m/s/default/madoc/assets/Atlas.helpers-0869dd3b.js[39m
madoc-ts-1        |   [90m<--[39m [1mGET[22m [90m/s/default/madoc/assets/render-client-0c4d1b26.js[39m
madoc-ts-1        |   [90m<--[39m [1mGET[22m [90m/s/default/madoc/assets/StyledForm-60f06ba7.js[39m
okra-1            | nodename: 42244ae67a3f
okra-1            | machine: x86_64
okra-1            | clock source: unix
okra-1            | detected number of CPU cores: 8
okra-1            | current working directory: /opt/okra
okra-1            | detected binary path: /usr/local/bin/uwsgi
okra-1            | !!! no internal routing support, rebuild with pcre support !!!
okra-1            | uWSGI running as root, you can use --uid/--gid/--chroot options
okra-1            | *** WARNING: you are running uWSGI as root !!! (use the --uid flag) *** 
okra-1            | your memory page size is 4096 bytes
okra-1            | detected max file descriptor number: 1048576
okra-1            | lock engine: pthread robust mutexes
madoc-ts-1        |   [90m<--[39m [1mGET[22m [90m/s/default/madoc/assets/render-client-6ee38cc6.css[39m
madoc-ts-1        |   [90m-->[39m [1mGET[22m [90m/s/default/madoc/assets/admin-50b996b3.js[39m [32m200[39m [90m10ms[39m [90m1.03kb[39m
storage-api-1    | 2025-12-07T18:12:51: PM2 log: App [server:0] starting in -cluster mode-
storage-api-1     | 2025-12-07T18:12:51: PM2 log: App [server:0] online
gateway-1         | nginx: [warn] the "listen ... http2" directive is deprecated, use the "http2" directive instead in /etc/nginx/conf.d/gateway.conf:8
tasks-api-1       | (node:1) [DEP0060] DeprecationWarning: The `util._extend` API is deprecated. Please use Object.assign() instead.
tasks-api-1       | (Use `node --trace-deprecation ...` to show where the warning was created)
tasks-api-1       | 2025-12-07T18:12:51: PM2 log: Launching in no daemon mode
tasks-api-1       | (node:1) [DEP0044] DeprecationWarning: The `util.isArray` API is deprecated. Please use `Array.isArray()` instead.
gateway-redis-1  | 1:M 07 Dec 2025 18:12:50.859 * Running mode=standalone, port=6379.
gateway-redis-1   | 1:M 07 Dec 2025 18:12:50.859 # Server initialized
gateway-redis-1   | 1:M 07 Dec 2025 18:12:50.859 # WARNING overcommit_memory is set to 0! Background save may fail under low memory condition. To fix this issue add 'vm.overcommit_memory = 1' to /etc/sysctl.conf and then reboot or run the command 'sysctl vm.overcommit_memory=1' for this to take effect.
gateway-redis-1   | 1:M 07 Dec 2025 18:12:50.859 # WARNING you have Transparent Huge Pages (THP) support enabled in your kernel. This will create latency and memory usage issues with Redis. To fix this issue run the command 'echo never > /sys/kernel/mm/transparent_hugepage/enabled' as root, and add it to your /etc/rc.local in order to retain the setting after a reboot. Redis must be restarted after THP is disabled.
gateway-redis-1   | 1:M 07 Dec 2025 18:12:50.859 * Ready to accept connections
gateway-1         | 2025/12/07 18:12:51 [notice] 1#1: using the "epoll" event method
gateway-1         | 2025/12/07 18:12:51 [notice] 1#1: nginx/1.28.0
gateway-1         | 2025/12/07 18:12:51 [notice] 1#1: built by gcc 14.2.0 (Alpine 14.2.0) 
gateway-1         | 2025/12/07 18:12:51 [notice] 1#1: OS: Linux 6.1.0-41-amd64
gateway-1         | 2025/12/07 18:12:51 [notice] 1#1: getrlimit(RLIMIT_NOFILE): 1048576:1048576
gateway-1         | 2025/12/07 18:12:51 [notice] 1#1: start worker processes
madoc-ts-1        |   [90m-->[39m [1mGET[22m [90m/s/default/madoc/assets/Atlas.helpers-0869dd3b.js[39m [32m200[39m [90m8ms[39m [90m34.04kb[39m
madoc-ts-1        |   [90m-->[39m [1mGET[22m [90m/s/default/madoc/assets/StyledForm-60f06ba7.js[39m [32m200[39m [90m7ms[39m [90m3.25kb[39m
madoc-ts-1        |   [90m-->[39m [1mGET[22m [90m/s/default/madoc/assets/render-client-6ee38cc6.css[39m [32m200[39m [90m5ms[39m [90m3.57kb[39m
madoc-ts-1        |   [90m-->[39m [1mGET[22m [90m/s/default/madoc/assets/render-client-0c4d1b26.js[39m [32m200[39m [90m10ms[39m [90m425.6kb[39m
madoc-ts-1        |   [33m-x-[39m [1mGET[22m [90m/s/default/madoc/assets/vendor-166275c9.js[39m [32m200[39m [90m17ms[39m [90m2.38mb[39m
madoc-ts-1        |   [90m<--[39m [1mGET[22m [90m/s/default/madoc/assets/admin-50b996b3.js.map[39m
madoc-ts-1        |   [90m-->[39m [1mGET[22m [90m/s/default/madoc/assets/admin-50b996b3.js.map[39m [32m200[39m [90m2ms[39m [90m1.24kb[39m
madoc-ts-1        |   [90m<--[39m [1mGET[22m [90m/s/default/madoc/assets/render-client-0c4d1b26.js.map[39m
madoc-ts-1        |   [90m-->[39m [1mGET[22m [90m/s/default/madoc/assets/render-client-0c4d1b26.js.map[39m [32m200[39m [90m5ms[39m [90m1.49mb[39m
madoc-ts-1        |   [90m<--[39m [1mGET[22m [90m/s/default/madoc/assets/vendor-166275c9.js.map[39m
madoc-ts-1        |   [90m-->[39m [1mGET[22m [90m/s/default/madoc/assets/vendor-166275c9.js.map[39m [32m200[39m [90m19ms[39m [90m8.31mb[39m
madoc-ts-1        |   [90m<--[39m [1mGET[22m [90m/s/default/madoc/assets/Atlas.helpers-0869dd3b.js.map[39m
madoc-ts-1        |   [90m<--[39m [1mGET[22m [90m/s/default/madoc/assets/index-d2d2192e.js[39m
madoc-ts-1        |   [90m<--[39m [1mGET[22m [90m/s/default/madoc/assets/AdminMenu-bd4d4376.js[39m
okra-1            | thunder lock: disabled (you can enable it with --thunder-lock)
okra-1            | uWSGI http bound on 0.0.0.0:80 fd 4
okra-1            | uwsgi socket 0 bound to TCP address 127.0.0.1:42145 (port auto-assigned) fd 3
okra-1            | uWSGI running as root, you can use --uid/--gid/--chroot options
okra-1            | *** WARNING: you are running uWSGI as root !!! (use the --uid flag) *** 
gateway-1         | 2025/12/07 18:12:51 [notice] 1#1: start worker process 29
gateway-1         | 2025/12/07 18:12:51 [notice] 1#1: start worker process 30
gateway-1         | 2025/12/07 18:12:51 [notice] 1#1: start worker process 31
gateway-1         | 2025/12/07 18:12:51 [notice] 1#1: start worker process 32
gateway-1         | 2025/12/07 18:12:51 [notice] 1#1: start worker process 33
gateway-1         | 2025/12/07 18:12:51 [notice] 1#1: start cache manager process 34
gateway-1         | 2025/12/07 18:12:51 [notice] 1#1: start cache loader process 35
gateway-1         | 07/Dec/2025:18:12:56 +0000 | --> GET / HTTP/1.1 302 51 "-" "10.33.3.139"
gateway-1         | 07/Dec/2025:18:13:00 +0000 | --> GET /api/configurator/query?context=urn%3Amadoc%3Asite%3A2&service=madoc-i18n HTTP/1.1 200 139 "-" "-"
gateway-1         | 07/Dec/2025:18:13:00 +0000 | --> GET /s/turfan/madoc/api/locales HTTP/1.1 200 184 "-" "-"
gateway-1         | 07/Dec/2025:18:13:01 +0000 | --> GET /api/madoc/iiif/statistics HTTP/1.1 200 63 "-" "-"
gateway-1         | 07/Dec/2025:18:13:01 +0000 | --> GET /s/turfan/admin HTTP/1.1 200 8403 "https://iiif-test.crossasia.org/s/turfan/admin/tasks/4fc13dca-99bc-4bd6-b460-d599474857fc" "172.16.177.118"
gateway-1         | 07/Dec/2025:18:13:01 +0000 | --> GET /s/default/madoc/assets/admin-50b996b3.js HTTP/1.1 200 1057 "https://iiif-test.crossasia.org/s/turfan/admin" "172.16.177.118"
gateway-1         | 07/Dec/2025:18:13:01 +0000 | --> GET /s/default/madoc/assets/Atlas.helpers-0869dd3b.js HTTP/1.1 200 34852 "https://iiif-test.crossasia.org/s/turfan/admin" "172.16.177.118"
gateway-1         | 07/Dec/2025:18:13:01 +0000 | --> GET /s/default/madoc/assets/StyledForm-60f06ba7.js HTTP/1.1 200 3328 "https://iiif-test.crossasia.org/s/turfan/admin" "172.16.177.118"
gateway-1         | 07/Dec/2025:18:13:01 +0000 | --> GET /s/default/madoc/assets/render-client-6ee38cc6.css HTTP/1.1 200 3655 "https://iiif-test.crossasia.org/s/turfan/admin" "172.16.177.118"
gateway-1         | 07/Dec/2025:18:13:01 +0000 | --> GET /s/default/madoc/assets/render-client-0c4d1b26.js HTTP/1.1 200 435810 "https://iiif-test.crossasia.org/s/turfan/admin" "172.16.177.118"
gateway-1         | 07/Dec/2025:18:13:01 +0000 | --> GET /s/default/madoc/assets/vendor-166275c9.js HTTP/1.1 200 2499216 "https://iiif-test.crossasia.org/s/turfan/admin" "172.16.177.118"
gateway-1         | 07/Dec/2025:18:13:01 +0000 | --> GET /s/default/madoc/assets/admin-50b996b3.js.map HTTP/1.1 200 1268 "-" "172.16.177.118"
gateway-1         | 07/Dec/2025:18:13:01 +0000 | --> GET /s/default/madoc/assets/render-client-0c4d1b26.js.map HTTP/1.1 200 1561927 "-" "172.16.177.118"
gateway-1         | 2025/12/07 18:13:01 [warn] 29#29: *13 an upstream response is buffered to a temporary file /var/cache/nginx/proxy_temp/3/00/0000000003 while reading upstream, client: 192.168.0.1, server: , request: "GET /s/default/madoc/assets/vendor-166275c9.js.map HTTP/1.1", upstream: "http://192.168.0.2:3000/s/default/madoc/assets/vendor-166275c9.js.map", host: "iiif-test.crossasia.org"
gateway-1         | 07/Dec/2025:18:13:01 +0000 | --> GET /s/default/madoc/assets/vendor-166275c9.js.map HTTP/1.1 200 8709896 "-" "172.16.177.118"
gateway-1         | 07/Dec/2025:18:13:03 +0000 | --> GET /s/default/madoc/assets/index-d2d2192e.js HTTP/1.1 200 5789 "-" "172.16.177.118"
gateway-1         | 07/Dec/2025:18:13:03 +0000 | --> GET /s/default/madoc/assets/Atlas.helpers-0869dd3b.js.map HTTP/1.1 200 179964 "-" "172.16.177.118"
gateway-1         | 07/Dec/2025:18:13:03 +0000 | --> GET /s/default/madoc/assets/AdminMenu-bd4d4376.js HTTP/1.1 200 7165 "-" "172.16.177.118"
gateway-1         | 07/Dec/2025:18:13:03 +0000 | --> GET /s/default/madoc/assets/index-8a4db88f.js HTTP/1.1 200 584 "-" "172.16.177.118"
gateway-1         | 07/Dec/2025:18:13:03 +0000 | --> GET /s/default/madoc/assets/index-36c56aae.css HTTP/1.1 200 18206 "https://iiif-test.crossasia.org/s/turfan/admin" "172.16.177.118"
gateway-1         | 07/Dec/2025:18:13:03 +0000 | --> GET /s/default/madoc/assets/StyledForm-60f06ba7.js.map HTTP/1.1 200 8393 "-" "172.16.177.118"
okra-1            | Python version: 3.8.7 (default, Jan 12 2021, 17:16:32)  [GCC 8.3.0]
okra-1            | *** Python threads support is disabled. You can enable it with --enable-threads ***
okra-1            | Python main interpreter initialized at 0x564192d82770
okra-1            | uWSGI running as root, you can use --uid/--gid/--chroot options
okra-1            | *** WARNING: you are running uWSGI as root !!! (use the --uid flag) *** 
okra-1            | your server socket listen backlog is limited to 100 connections
okra-1            | your mercy for graceful operations on workers is 60 seconds
okra-1            | mapped 145808 bytes (142 KB) for 1 cores
okra-1            | *** Operational MODE: single process ***
okra-1            | WSGI app 0 (mountpoint='') ready in 1 seconds on interpreter 0x564192d82770 pid: 7 (default app)
okra-1            | uWSGI running as root, you can use --uid/--gid/--chroot options
search-1         | /usr/local/lib/python3.8/site-packages/requests/__init__.py:102: RequestsDependencyWarning: urllib3 (1.26.15) or chardet (5.1.0)/charset_normalizer (2.0.12) doesn't match a supported version!
config-service-1  | No changes detected
search-1          |   warnings.warn("urllib3 ({}) or chardet ({})/charset_normalizer ({}) doesn't match a supported "
gateway-1         | 07/Dec/2025:18:13:03 +0000 | --> GET /s/default/madoc/assets/formik.esm-6b6a1348.js HTTP/1.1 200 34184 "-" "172.16.177.118"
gateway-1         | 07/Dec/2025:18:13:03 +0000 | --> GET /s/default/madoc/assets/tiny-warning.esm-c932d744.js HTTP/1.1 200 198 "-" "172.16.177.118"
gateway-1         | 07/Dec/2025:18:13:03 +0000 | --> GET /s/default/madoc/assets/MetadataListEditor-488575a1.js HTTP/1.1 200 79618 "-" "172.16.177.118"
gateway-1         | 07/Dec/2025:18:13:03 +0000 | --> GET /s/default/madoc/assets/routes-7b71198e.js HTTP/1.1 200 502124 "-" "172.16.177.118"
gateway-1         | 07/Dec/2025:18:13:03 +0000 | --> GET /s/default/madoc/assets/index-d2d2192e.js.map HTTP/1.1 200 19925 "-" "172.16.177.118"
gateway-1         | 07/Dec/2025:18:13:03 +0000 | --> GET /s/default/madoc/assets/AdminMenu-bd4d4376.js.map HTTP/1.1 200 14317 "-" "172.16.177.118"
gateway-1         | 07/Dec/2025:18:13:03 +0000 | --> GET /s/default/madoc/assets/index-8a4db88f.js.map HTTP/1.1 200 2788 "-" "172.16.177.118"
gateway-1         | 07/Dec/2025:18:13:04 +0000 | --> GET /s/default/madoc/assets/routes-7b71198e.js.map HTTP/1.1 200 1376124 "-" "172.16.177.118"
config-service-1  | Operations to perform:
config-service-1  |   Apply all migrations: admin, auth, configurator, contenttypes, reversion, sessions
config-service-1  | Running migrations:
tasks-api-1       | 2025-12-07T18:12:51: PM2 log: [PM2][WORKER] Registering a cron job on: [33m0[39m
gateway-1         | 07/Dec/2025:18:13:04 +0000 | --> GET /s/default/madoc/assets/MetadataListEditor-488575a1.js.map HTTP/1.1 200 283157 "-" "172.16.177.118"
search-1          | System check identified some issues:
gateway-1         | 07/Dec/2025:18:13:04 +0000 | --> GET /s/default/madoc/assets/formik.esm-6b6a1348.js.map HTTP/1.1 200 221980 "-" "172.16.177.118"
config-service-1  |   No migrations to apply.
gateway-1         | 07/Dec/2025:18:13:04 +0000 | --> GET /s/default/madoc/assets/tiny-warning.esm-c932d744.js.map HTTP/1.1 200 809 "-" "172.16.177.118"
config-service-1  | Creating revisions for test config uuid scope key
search-1          | 
search-1          | WARNINGS:
search-1          | search.IIIFResource.items: (fields.W345) related_name has no effect on ManyToManyField with a symmetrical relationship, e.g. to "self".
search-1          | search.Indexables: (models.W042) Auto-created primary key used when not defining a primary key type, by default 'django.db.models.AutoField'.
search-1          | 	HINT: Configure the DEFAULT_AUTO_FIELD setting or the SearchConfig.default_auto_field attribute to point to a subclass of AutoField, e.g. 'django.db.models.BigAutoField'.
search-1          | No changes detected
madoc-ts-1        |   [90m<--[39m [1mGET[22m [90m/s/default/madoc/assets/index-8a4db88f.js[39m
config-service-1  | - Created 0 / 0
madoc-ts-1        |   [90m<--[39m [1mGET[22m [90m/s/default/madoc/assets/index-36c56aae.css[39m
madoc-ts-1        |   [90m<--[39m [1mGET[22m [90m/s/default/madoc/assets/StyledForm-60f06ba7.js.map[39m
okra-1            | *** WARNING: you are running uWSGI as root !!! (use the --uid flag) *** 
config-service-1  | 
okra-1            | *** uWSGI is running in multiple interpreter mode ***
config-service-1  | 130 static files copied to '/app/static'.
tasks-api-1       | 2025-12-07T18:12:51: PM2 log: App [tasks-api-prod:0] starting in -cluster mode-
okra-1            | spawned uWSGI master process (pid: 7)
tasks-api-1       | 2025-12-07T18:12:51: PM2 log: App [tasks-api-prod:0] online
tasks-api-1       | (node:19) [DEP0060] DeprecationWarning: The `util._extend` API is deprecated. Please use Object.assign() instead.
okra-1            | spawned uWSGI worker 1 (pid: 9, cores: 1)
madoc-ts-1        |   [90m<--[39m [1mGET[22m [90m/s/default/madoc/assets/routes-7b71198e.js[39m
tasks-api-1       | (Use `node --trace-deprecation ...` to show where the warning was created)
config-service-1  | Watching for file changes with StatReloader
config-service-1  | Performing system checks...
config-service-1  | 
config-service-1  | System check identified no issues (0 silenced).
config-service-1  | December 07, 2025 - 18:12:53
config-service-1  | Django version 3.0.6, using settings 'madoc_config_service.settings'
config-service-1  | Starting development server at http://127.0.0.1:5000/
config-service-1  | Quit the server with CONTROL-C.
madoc-ts-1        |   [90m-->[39m [1mGET[22m [90m/s/default/madoc/assets/index-d2d2192e.js[39m [32m200[39m [90m7ms[39m [90m5.65kb[39m
madoc-ts-1        |   [90m<--[39m [1mGET[22m [90m/s/default/madoc/assets/formik.esm-6b6a1348.js[39m
madoc-ts-1        |   [90m-->[39m [1mGET[22m [90m/s/default/madoc/assets/Atlas.helpers-0869dd3b.js.map[39m [32m200[39m [90m10ms[39m [90m175.75kb[39m
madoc-ts-1        |   [90m-->[39m [1mGET[22m [90m/s/default/madoc/assets/AdminMenu-bd4d4376.js[39m [32m200[39m [90m8ms[39m [90m7kb[39m
madoc-ts-1        |   [90m<--[39m [1mGET[22m [90m/s/default/madoc/assets/tiny-warning.esm-c932d744.js[39m
madoc-ts-1        |   [90m-->[39m [1mGET[22m [90m/s/default/madoc/assets/index-8a4db88f.js[39m [32m200[39m [90m9ms[39m [90m584b[39m
madoc-ts-1        |   [90m<--[39m [1mGET[22m [90m/s/default/madoc/assets/MetadataListEditor-488575a1.js[39m
tasks-api-1       | Native extraction module not loaded, msgpackr will still run, but with decreased performance. Cannot find module 'msgpackr-extract'
gateway-1         | 07/Dec/2025:18:13:04 +0000 | --> GET /api/madoc/notifications/count HTTP/1.1 200 12 "https://iiif-test.crossasia.org/s/turfan/admin" "172.16.177.118"
gateway-1         | 07/Dec/2025:18:13:04 +0000 | --> GET /api/madoc/iiif/statistics HTTP/1.1 200 63 "https://iiif-test.crossasia.org/s/turfan/admin" "172.16.177.118"
gateway-1         | 07/Dec/2025:18:13:05 +0000 | --> GET /api/configurator/query?context=urn%3Amadoc%3Asite%3A2&service=madoc-i18n HTTP/1.1 200 139 "-" "-"
gateway-1         | 07/Dec/2025:18:13:05 +0000 | --> GET /s/turfan/madoc/api/locales HTTP/1.1 200 184 "-" "-"
gateway-1         | 07/Dec/2025:18:13:05 +0000 | --> GET /s/turfan/madoc/api/pages/navigation HTTP/1.1 200 17 "-" "-"
gateway-1         | 07/Dec/2025:18:13:05 +0000 | --> GET /api/madoc/notifications/count HTTP/1.1 200 12 "-" "-"
gateway-1         | 07/Dec/2025:18:13:05 +0000 | --> GET /s/turfan/madoc/api/page/static/root/ HTTP/1.1 200 29 "-" "-"
gateway-1         | 07/Dec/2025:18:13:05 +0000 | --> GET /api/configurator/query?context=urn%3Amadoc%3Asite%3A2&service=madoc HTTP/1.1 200 2911 "-" "-"
search-1          | /usr/local/lib/python3.8/site-packages/requests/__init__.py:102: RequestsDependencyWarning: urllib3 (1.26.15) or chardet (5.1.0)/charset_normalizer (2.0.12) doesn't match a supported version!
search-1          |   warnings.warn("urllib3 ({}) or chardet ({})/charset_normalizer ({}) doesn't match a supported "
search-1          | System check identified some issues:
search-1          | 
search-1          | WARNINGS:
search-1          | search.IIIFResource.items: (fields.W345) related_name has no effect on ManyToManyField with a symmetrical relationship, e.g. to "self".
search-1          | search.Indexables: (models.W042) Auto-created primary key used when not defining a primary key type, by default 'django.db.models.AutoField'.
search-1          | 	HINT: Configure the DEFAULT_AUTO_FIELD setting or the SearchConfig.default_auto_field attribute to point to a subclass of AutoField, e.g. 'django.db.models.BigAutoField'.
search-1          | Operations to perform:
search-1          |   Apply all migrations: admin, auth, contenttypes, reversion, search, sessions
madoc-ts-1        |   [90m-->[39m [1mGET[22m [90m/s/default/madoc/assets/index-36c56aae.css[39m [32m200[39m [90m9ms[39m [90m17.78kb[39m
tasks-api-1       | command not found. { 'commands available': [ 'up', 'down', 'create' ], 'command from cli args': 'start' }
madoc-ts-1        |   [90m-->[39m [1mGET[22m [90m/s/default/madoc/assets/StyledForm-60f06ba7.js.map[39m [32m200[39m [90m8ms[39m [90m8.2kb[39m
search-1          | Running migrations:
search-1          |   No migrations to apply.
search-1          | entrypoint: Migrations finished
okra-1            | spawned uWSGI http 1 (pid: 10)
gateway-1         | 07/Dec/2025:18:13:05 +0000 | --> GET /s/turfan/madoc/api/configuration HTTP/1.1 200 2365 "-" "-"
gateway-1         | 07/Dec/2025:18:13:05 +0000 | --> GET /api/tasks/stats?type=crowdsourcing-task&user_id=urn%3Amadoc%3Auser%3A1 HTTP/1.1 200 48 "-" "-"
gateway-1         | 07/Dec/2025:18:13:05 +0000 | --> GET /s/turfan/madoc/api/me HTTP/1.1 200 694 "-" "-"
gateway-1         | 07/Dec/2025:18:13:05 +0000 | --> GET /s/turfan HTTP/1.1 200 6817 "https://iiif-test.crossasia.org/s/turfan/admin" "172.16.177.118"
gateway-1         | 07/Dec/2025:18:13:05 +0000 | --> GET /s/default/madoc/assets/site-c5b558c7.js HTTP/1.1 200 962 "https://iiif-test.crossasia.org/s/turfan" "172.16.177.118"
gateway-1         | 07/Dec/2025:18:13:05 +0000 | --> GET /s/default/madoc/assets/Atlas.helpers-0869dd3b.js HTTP/1.1 200 34852 "https://iiif-test.crossasia.org/s/turfan" "172.16.177.118"
gateway-1         | 07/Dec/2025:18:13:05 +0000 | --> GET /s/default/madoc/assets/StyledForm-60f06ba7.js HTTP/1.1 200 3328 "https://iiif-test.crossasia.org/s/turfan" "172.16.177.118"
gateway-1         | 07/Dec/2025:18:13:05 +0000 | --> GET /s/default/madoc/assets/render-client-6ee38cc6.css HTTP/1.1 200 3655 "https://iiif-test.crossasia.org/s/turfan" "172.16.177.118"
gateway-1         | 07/Dec/2025:18:13:05 +0000 | --> GET /s/default/madoc/assets/render-client-0c4d1b26.js HTTP/1.1 200 435810 "https://iiif-test.crossasia.org/s/turfan" "172.16.177.118"
gateway-1         | 07/Dec/2025:18:13:05 +0000 | --> GET /s/default/madoc/assets/vendor-166275c9.js HTTP/1.1 200 2499216 "https://iiif-test.crossasia.org/s/turfan" "172.16.177.118"
search-1          | 
config-service-1  | No cconfig exists at: /app/configurator/default_config/madoc-i18n.json
search-1          | 679 static files copied to '/app/static'.
config-service-1  | 192.168.0.8 - - [07/Dec/2025:18:13:00 +0000] "GET /configurator/query?context=urn%3Amadoc%3Asite%3A2&service=madoc-i18n HTTP/1.0" 200 139 "-" "node-fetch/1.0 (+https://github.com/bitinn/node-fetch)"
search-1          | entrypoint: Static files collected
config-service-1  | [07/Dec/2025 18:13:00] "GET /configurator/query?context=urn%3Amadoc%3Asite%3A2&service=madoc-i18n HTTP/1.1" 200 139
search-1          | Watching for file changes with StatReloader
gateway-1         | 07/Dec/2025:18:13:05 +0000 | --> GET /s/default/madoc/assets/site-959465a7.css HTTP/1.1 200 25653 "https://iiif-test.crossasia.org/s/turfan" "172.16.177.118"
search-1          | Performing system checks...
tasks-api-1       | migrations in database: [
search-1          | 
gateway-1         | 07/Dec/2025:18:13:06 +0000 | --> GET /s/default/madoc/assets/site-c5b558c7.js.map HTTP/1.1 200 1555 "-" "172.16.177.118"
search-1          | /usr/local/lib/python3.8/site-packages/requests/__init__.py:102: RequestsDependencyWarning: urllib3 (1.26.15) or chardet (5.1.0)/charset_normalizer (2.0.12) doesn't match a supported version!
gateway-1         | 07/Dec/2025:18:13:06 +0000 | --> GET /s/default/madoc/assets/Atlas.helpers-0869dd3b.js.map HTTP/1.1 200 179964 "-" "172.16.177.118"
search-1          |   warnings.warn("urllib3 ({}) or chardet ({})/charset_normalizer ({}) doesn't match a supported "
tasks-api-1       |   { name: [32m'2020-03-02T21-46.tasks.sql'[39m, hash: [32m'beb0948011'[39m },
search-1          | System check identified some issues:
config-service-1  | No cconfig exists at: /app/configurator/default_config/madoc-i18n.json
gateway-1         | 07/Dec/2025:18:13:06 +0000 | --> GET /s/default/madoc/assets/StyledForm-60f06ba7.js.map HTTP/1.1 200 8393 "-" "172.16.177.118"
madoc-ts-1        |   [90m-->[39m [1mGET[22m [90m/s/default/madoc/assets/formik.esm-6b6a1348.js[39m [32m200[39m [90m7ms[39m [90m33.38kb[39m
gateway-1         | 07/Dec/2025:18:13:06 +0000 | --> GET /s/default/madoc/assets/render-client-0c4d1b26.js.map HTTP/1.1 200 1561927 "-" "172.16.177.118"
gateway-1         | 2025/12/07 18:13:06 [warn] 30#30: *17 an upstream response is buffered to a temporary file /var/cache/nginx/proxy_temp/4/00/0000000004 while reading upstream, client: 192.168.0.1, server: , request: "GET /s/default/madoc/assets/vendor-166275c9.js.map HTTP/1.1", upstream: "http://192.168.0.2:3000/s/default/madoc/assets/vendor-166275c9.js.map", host: "iiif-test.crossasia.org"
gateway-1         | 07/Dec/2025:18:13:06 +0000 | --> GET /s/default/madoc/assets/vendor-166275c9.js.map HTTP/1.1 200 8709896 "-" "172.16.177.118"
gateway-1         | 07/Dec/2025:18:13:07 +0000 | --> GET /s/default/madoc/assets/routes-074e0ed5.js HTTP/1.1 200 12683 "-" "172.16.177.118"
gateway-1         | 07/Dec/2025:18:13:07 +0000 | --> GET /s/default/madoc/assets/index-5d050b7d.js HTTP/1.1 200 1142 "-" "172.16.177.118"
gateway-1         | 07/Dec/2025:18:13:07 +0000 | --> GET /s/default/madoc/assets/index-8a4db88f.js HTTP/1.1 200 584 "-" "172.16.177.118"
gateway-1         | 07/Dec/2025:18:13:07 +0000 | --> GET /s/default/madoc/assets/MetadataListEditor-488575a1.js HTTP/1.1 200 79618 "-" "172.16.177.118"
gateway-1         | 07/Dec/2025:18:13:07 +0000 | --> GET /s/default/madoc/assets/components-0ee3a73f.css HTTP/1.1 200 10205 "https://iiif-test.crossasia.org/s/turfan" "172.16.177.118"
gateway-1         | 07/Dec/2025:18:13:07 +0000 | --> GET /s/default/madoc/assets/components-d470d996.js HTTP/1.1 200 308601 "-" "172.16.177.118"
gateway-1         | 07/Dec/2025:18:13:08 +0000 | --> GET /s/default/madoc/assets/StyledForm-60f06ba7.js.map HTTP/1.1 200 8393 "-" "172.16.177.118"
gateway-1         | 07/Dec/2025:18:13:08 +0000 | --> GET /s/default/madoc/assets/Atlas.helpers-0869dd3b.js.map HTTP/1.1 200 179964 "-" "172.16.177.118"
gateway-1         | 07/Dec/2025:18:13:08 +0000 | --> GET /s/default/madoc/assets/admin-50b996b3.js.map HTTP/1.1 200 1268 "-" "172.16.177.118"
config-service-1  | 192.168.0.8 - - [07/Dec/2025:18:13:05 +0000] "GET /configurator/query?context=urn%3Amadoc%3Asite%3A2&service=madoc-i18n HTTP/1.0" 200 139 "-" "node-fetch/1.0 (+https://github.com/bitinn/node-fetch)"
search-1          | 
config-service-1  | [07/Dec/2025 18:13:05] "GET /configurator/query?context=urn%3Amadoc%3Asite%3A2&service=madoc-i18n HTTP/1.1" 200 139
gateway-1         | 07/Dec/2025:18:13:08 +0000 | --> GET /s/default/madoc/assets/index-d2d2192e.js.map HTTP/1.1 200 19925 "-" "172.16.177.118"
madoc-ts-1        |   [90m-->[39m [1mGET[22m [90m/s/default/madoc/assets/tiny-warning.esm-c932d744.js[39m [32m200[39m [90m5ms[39m [90m198b[39m
gateway-1         | 07/Dec/2025:18:13:08 +0000 | --> GET /s/default/madoc/assets/AdminMenu-bd4d4376.js.map HTTP/1.1 200 14317 "-" "172.16.177.118"
tasks-api-1       |   { name: [32m'2020-04-07T12-55.events.sql'[39m, hash: [32m'800a624e2e'[39m },
gateway-1         | 07/Dec/2025:18:13:08 +0000 | --> GET /s/default/madoc/assets/index-8a4db88f.js.map HTTP/1.1 200 2788 "-" "172.16.177.118"
search-1          | WARNINGS:
config-service-1  | 192.168.0.8 - - [07/Dec/2025:18:13:05 +0000] "GET /configurator/query?context=urn%3Amadoc%3Asite%3A2&service=madoc HTTP/1.0" 200 2911 "-" "node-fetch/1.0 (+https://github.com/bitinn/node-fetch)"
search-1          | search.IIIFResource.items: (fields.W345) related_name has no effect on ManyToManyField with a symmetrical relationship, e.g. to "self".
config-service-1  | [07/Dec/2025 18:13:05] "GET /configurator/query?context=urn%3Amadoc%3Asite%3A2&service=madoc HTTP/1.1" 200 2911
tasks-api-1       |   { name: [32m'2020-04-08T20-58.indexes.sql'[39m, hash: [32m'21f7c1bd26'[39m },
tasks-api-1       |   { name: [32m'2020-04-10T12-21.delete-cascade.sql'[39m, hash: [32m'd1e130589d'[39m },
tasks-api-1       |   { name: [32m'2020-04-10T13-20.modified-at.sql'[39m, hash: [32m'fc1407b29c'[39m },
tasks-api-1       |   { name: [32m'2020-05-05T13-28.subject-index.sql'[39m, hash: [32m'f640a113de'[39m },
tasks-api-1       |   { name: [32m'2020-05-14T19-06.root-task-field.sql'[39m, hash: [32m'f50dbdb642'[39m },
tasks-api-1       |   { name: [32m'2020-09-09T16-13.subject-parent.sql'[39m, hash: [32m'09092069f9'[39m },
tasks-api-1       |   { name: [32m'2020-10-12T17-23.delegated-owners.sql'[39m, hash: [32m'df1c92f749'[39m },
tasks-api-1       |   { name: [32m'2021-03-12T14-07.metadata.sql'[39m, hash: [32m'0bd64dfe28'[39m },
tasks-api-1       |   {
tasks-api-1       |     name: [32m'2021-12-03T15-40.delete-cascade-revert.sql'[39m,
tasks-api-1       |     hash: [32m'3274fb85df'[39m
tasks-api-1       |   },
tasks-api-1       |   {
tasks-api-1       |     name: [32m'2022-01-24T16-35.root-task-cascade.sql'[39m,
tasks-api-1       |     hash: [32m'e2c2e409ee'[39m
tasks-api-1       |   },
tasks-api-1       |   { name: [32m'2022-12-15T10-27.delegated-index.sql'[39m, hash: [32m'0c44238888'[39m },
tasks-api-1       |   { name: [32m'2023-11-13T11-03.further-index.sql'[39m, hash: [32m'6cf7db42bd'[39m },
tasks-api-1       |   { name: [32m'2024-11-20T13-10.type-index.sql'[39m, hash: [32m'405dc2707c'[39m }
tasks-api-1       | ]
tasks-api-1       | Server ready at: http://localhost:3000
tasks-api-1       |   [90m<--[39m [1mGET[22m [90m/tasks/stats?type=crowdsourcing-task&user_id=urn%3Amadoc%3Auser%3A1[39m
gateway-1         | 07/Dec/2025:18:13:08 +0000 | --> GET /s/default/madoc/assets/tiny-warning.esm-c932d744.js.map HTTP/1.1 200 809 "-" "172.16.177.118"
search-1          | search.Indexables: (models.W042) Auto-created primary key used when not defining a primary key type, by default 'django.db.models.AutoField'.
gateway-1         | 07/Dec/2025:18:13:08 +0000 | --> GET /s/default/madoc/assets/MetadataListEditor-488575a1.js.map HTTP/1.1 200 283157 "-" "172.16.177.118"
gateway-1         | 07/Dec/2025:18:13:08 +0000 | --> GET /s/default/madoc/assets/render-client-6ee38cc6.css HTTP/1.1 200 3655 "https://iiif-test.crossasia.org/s/turfan/admin" "172.16.177.118"
gateway-1         | 07/Dec/2025:18:13:08 +0000 | --> GET /s/default/madoc/assets/index-36c56aae.css HTTP/1.1 200 18206 "https://iiif-test.crossasia.org/s/turfan/admin" "172.16.177.118"
gateway-1         | 07/Dec/2025:18:13:08 +0000 | --> GET /s/default/madoc/assets/formik.esm-6b6a1348.js.map HTTP/1.1 200 221980 "-" "172.16.177.118"
gateway-1         | 07/Dec/2025:18:13:08 +0000 | --> GET /s/default/madoc/assets/render-client-0c4d1b26.js.map HTTP/1.1 200 1561927 "-" "172.16.177.118"
search-1          | 	HINT: Configure the DEFAULT_AUTO_FIELD setting or the SearchConfig.default_auto_field attribute to point to a subclass of AutoField, e.g. 'django.db.models.BigAutoField'.
search-1          | 
search-1          | System check identified 2 issues (0 silenced).
search-1          | December 07, 2025 - 18:12:53
search-1          | Django version 4.0, using settings 'search_service.settings'
search-1          | Starting development server at http://127.0.0.1:5000/
search-1          | Quit the server with CONTROL-C.
config-service-1  | No cconfig exists at: /app/configurator/default_config/madoc-i18n.json
config-service-1  | 192.168.0.8 - - [07/Dec/2025:18:13:38 +0000] "GET /configurator/query?context=urn%3Amadoc%3Asite%3A2&service=madoc-i18n HTTP/1.0" 200 139 "-" "node-fetch/1.0 (+https://github.com/bitinn/node-fetch)"
config-service-1  | [07/Dec/2025 18:13:38] "GET /configurator/query?context=urn%3Amadoc%3Asite%3A2&service=madoc-i18n HTTP/1.1" 200 139
config-service-1  | No cconfig exists at: /app/configurator/default_config/madoc-i18n.json
config-service-1  | 192.168.0.8 - - [07/Dec/2025:18:14:30 +0000] "GET /configurator/query?context=urn%3Amadoc%3Asite%3A2&service=madoc-i18n HTTP/1.0" 200 139 "-" "node-fetch/1.0 (+https://github.com/bitinn/node-fetch)"
config-service-1  | [07/Dec/2025 18:14:30] "GET /configurator/query?context=urn%3Amadoc%3Asite%3A2&service=madoc-i18n HTTP/1.1" 200 139
config-service-1  | 192.168.0.8 - - [07/Dec/2025:18:15:00 +0000] "GET /configurator/query?context=urn%3Amadoc%3Asite%3A5&context=urn%3Amadoc%3Aproject%3A2&service=madoc HTTP/1.0" 200 2959 "-" "node-fetch/1.0 (+https://github.com/bitinn/node-fetch)"
config-service-1  | [07/Dec/2025 18:15:00] "GET /configurator/query?context=urn%3Amadoc%3Asite%3A5&context=urn%3Amadoc%3Aproject%3A2&service=madoc HTTP/1.1" 200 2959
config-service-1  | [07/Dec/2025 18:15:00] "GET /configurator/query?context=urn%3Amadoc%3Asite%3A2&context=urn%3Amadoc%3Aproject%3A4&service=madoc HTTP/1.1" 200 2979
config-service-1  | 192.168.0.8 - - [07/Dec/2025:18:15:00 +0000] "GET /configurator/query?context=urn%3Amadoc%3Asite%3A2&context=urn%3Amadoc%3Aproject%3A4&service=madoc HTTP/1.0" 200 2979 "-" "node-fetch/1.0 (+https://github.com/bitinn/node-fetch)"
config-service-1  | 192.168.0.8 - - [07/Dec/2025:18:15:00 +0000] "GET /configurator/query?context=urn%3Amadoc%3Asite%3A7&context=urn%3Amadoc%3Aproject%3A1&service=madoc HTTP/1.0" 200 2945 "-" "node-fetch/1.0 (+https://github.com/bitinn/node-fetch)"
config-service-1  | [07/Dec/2025 18:15:00] "GET /configurator/query?context=urn%3Amadoc%3Asite%3A7&context=urn%3Amadoc%3Aproject%3A1&service=madoc HTTP/1.1" 200 2945
tasks-api-1       |   [90m-->[39m [1mGET[22m [90m/tasks/stats?type=crowdsourcing-task&user_id=urn%3Amadoc%3Auser%3A1[39m [32m200[39m [90m35ms[39m [90m30b[39m
tasks-api-1       |   [90m<--[39m [1mGET[22m [90m/tasks?all=true&all_tasks=true&page=1&per_page=1&subject=urn%3Amadoc%3Acollection%3A852596[39m
madoc-ts-1        |   [90m-->[39m [1mGET[22m [90m/s/default/madoc/assets/MetadataListEditor-488575a1.js[39m [32m200[39m [90m4ms[39m [90m77.75kb[39m
madoc-ts-1        |   [90m-->[39m [1mGET[22m [90m/s/default/madoc/assets/routes-7b71198e.js[39m [32m200[39m [90m11ms[39m [90m490.36kb[39m
madoc-ts-1        |   [90m<--[39m [1mGET[22m [90m/s/default/madoc/assets/index-d2d2192e.js.map[39m
madoc-ts-1        |   [90m-->[39m [1mGET[22m [90m/s/default/madoc/assets/index-d2d2192e.js.map[39m [32m200[39m [90m1ms[39m [90m19.46kb[39m
gateway-1         | 07/Dec/2025:18:13:08 +0000 | --> GET /s/default/madoc/assets/routes-7b71198e.js.map HTTP/1.1 200 1376124 "-" "172.16.177.118"
gateway-1         | 2025/12/07 18:13:08 [warn] 30#30: *31 an upstream response is buffered to a temporary file /var/cache/nginx/proxy_temp/5/00/0000000005 while reading upstream, client: 192.168.0.1, server: , request: "GET /s/default/madoc/assets/vendor-166275c9.js.map HTTP/1.1", upstream: "http://192.168.0.2:3000/s/default/madoc/assets/vendor-166275c9.js.map", host: "iiif-test.crossasia.org"
gateway-1         | 07/Dec/2025:18:13:08 +0000 | --> GET /s/default/madoc/assets/vendor-166275c9.js.map HTTP/1.1 200 8709896 "-" "172.16.177.118"
gateway-1         | 07/Dec/2025:18:13:11 +0000 | --> GET /api/madoc/iiif/collections?page=0 HTTP/1.1 200 1927 "https://iiif-test.crossasia.org/s/turfan/admin/collections" "172.16.177.118"
gateway-1         | 07/Dec/2025:18:13:14 +0000 | --> GET /api/madoc/iiif/collections/852596?page=1 HTTP/1.1 200 1188 "https://iiif-test.crossasia.org/s/turfan/admin/collections/852596" "172.16.177.118"
gateway-1         | 07/Dec/2025:18:13:14 +0000 | --> GET /api/madoc/iiif/collections/852596/structure HTTP/1.1 200 12 "https://iiif-test.crossasia.org/s/turfan/admin/collections/852596" "172.16.177.118"
gateway-1         | 07/Dec/2025:18:13:14 +0000 | --> GET /api/madoc/iiif/collections/852596?page=1 HTTP/1.1 200 1188 "https://iiif-test.crossasia.org/s/turfan/admin/collections/852596" "172.16.177.118"
gateway-1         | 07/Dec/2025:18:13:16 +0000 | --> GET /api/tasks?all=true&all_tasks=true&page=1&per_page=1&subject=urn%3Amadoc%3Acollection%3A852596 HTTP/1.1 200 98 "-" "-"
gateway-1         | 07/Dec/2025:18:13:16 +0000 | --> GET /api/tasks?all=true&all_tasks=true&page=1&per_page=1&subject_parent=urn%3Amadoc%3Acollection%3A852596 HTTP/1.1 200 98 "-" "-"
gateway-1         | 07/Dec/2025:18:13:16 +0000 | --> GET /api/madoc/iiif/collections/852596/deletion-summary HTTP/1.1 200 86 "https://iiif-test.crossasia.org/s/turfan/admin/collections/852596/delete" "172.16.177.118"
gateway-1         | 07/Dec/2025:18:13:20 +0000 | --> GET /api/tasks?all=true&all_tasks=true&page=1&per_page=1&subject=urn%3Amadoc%3Acollection%3A852596 HTTP/1.1 200 98 "-" "-"
gateway-1         | 07/Dec/2025:18:13:20 +0000 | --> GET /api/tasks?all=true&all_tasks=true&page=1&per_page=1&subject_parent=urn%3Amadoc%3Acollection%3A852596 HTTP/1.1 200 98 "-" "-"
gateway-1         | 07/Dec/2025:18:13:20 +0000 | --> DELETE /api/madoc/iiif/collections/852596?recursive=true HTTP/1.1 204 0 "https://iiif-test.crossasia.org/s/turfan/admin/collections/852596/delete" "172.16.177.118"
gateway-1         | 07/Dec/2025:18:13:20 +0000 | --> GET /api/madoc/iiif/collections?page=0 HTTP/1.1 200 1771 "https://iiif-test.crossasia.org/s/turfan/admin/collections" "172.16.177.118"
gateway-1         | 07/Dec/2025:18:13:24 +0000 | --> GET /api/madoc/iiif/statistics HTTP/1.1 200 63 "https://iiif-test.crossasia.org/s/turfan/admin" "172.16.177.118"
gateway-1         | 07/Dec/2025:18:13:26 +0000 | --> GET /api/madoc/pm2/list HTTP/1.1 200 6354 "https://iiif-test.crossasia.org/s/turfan/admin/global/status" "172.16.177.118"
gateway-1         | 07/Dec/2025:18:13:26 +0000 | --> POST /api/madoc/system/check HTTP/1.1 200 38 "https://iiif-test.crossasia.org/s/turfan/admin/global/status" "172.16.177.118"
gateway-1         | 07/Dec/2025:18:13:27 +0000 | --> GET /api/madoc/pm2/list HTTP/1.1 200 6457 "https://iiif-test.crossasia.org/s/turfan/admin/global/status" "172.16.177.118"
gateway-1         | 07/Dec/2025:18:13:28 +0000 | --> GET /api/madoc/pm2/list HTTP/1.1 200 6472 "https://iiif-test.crossasia.org/s/turfan/admin/global/status" "172.16.177.118"
gateway-1         | 07/Dec/2025:18:13:29 +0000 | --> GET /api/madoc/pm2/list HTTP/1.1 200 5502 "https://iiif-test.crossasia.org/s/turfan/admin/global/status" "172.16.177.118"
gateway-1         | 07/Dec/2025:18:13:30 +0000 | --> GET /api/madoc/pm2/list HTTP/1.1 200 5782 "https://iiif-test.crossasia.org/s/turfan/admin/global/status" "172.16.177.118"
gateway-1         | 2025/12/07 18:13:31 [error] 30#30: *31 upstream prematurely closed connection while reading response header from upstream, client: 192.168.0.1, server: , request: "POST /api/madoc/pm2/restart/madoc HTTP/1.1", upstream: "http://192.168.0.2:3000/api/madoc/pm2/restart/madoc", host: "iiif-test.crossasia.org", referrer: "https://iiif-test.crossasia.org/s/turfan/admin/global/status"
gateway-1         | 07/Dec/2025:18:13:31 +0000 | --> POST /api/madoc/pm2/restart/madoc HTTP/1.1 502 421 "https://iiif-test.crossasia.org/s/turfan/admin/global/status" "172.16.177.118"
gateway-1         | 07/Dec/2025:18:13:32 +0000 | --> GET /api/madoc/pm2/list HTTP/1.1 200 4220 "https://iiif-test.crossasia.org/s/turfan/admin/global/status" "172.16.177.118"
gateway-1         | 07/Dec/2025:18:13:33 +0000 | --> GET /api/madoc/pm2/list HTTP/1.1 200 4514 "https://iiif-test.crossasia.org/s/turfan/admin/global/status" "172.16.177.118"
gateway-1         | 07/Dec/2025:18:13:34 +0000 | --> POST /api/madoc/pm2/restart/madoc HTTP/1.1 500 21 "https://iiif-test.crossasia.org/s/turfan/admin/global/status" "172.16.177.118"
gateway-1         | 07/Dec/2025:18:13:34 +0000 | --> GET /api/madoc/pm2/list HTTP/1.1 200 4640 "https://iiif-test.crossasia.org/s/turfan/admin/global/status" "172.16.177.118"
gateway-1         | 07/Dec/2025:18:13:35 +0000 | --> GET /api/madoc/pm2/list HTTP/1.1 200 4625 "https://iiif-test.crossasia.org/s/turfan/admin/global/status" "172.16.177.118"
gateway-1         | 07/Dec/2025:18:13:36 +0000 | --> GET /api/madoc/pm2/list HTTP/1.1 200 4628 "https://iiif-test.crossasia.org/s/turfan/admin/global/status" "172.16.177.118"
gateway-1         | 07/Dec/2025:18:13:37 +0000 | --> GET /api/madoc/pm2/list HTTP/1.1 200 4641 "https://iiif-test.crossasia.org/s/turfan/admin/global/status" "172.16.177.118"
gateway-1         | 07/Dec/2025:18:13:38 +0000 | --> GET /api/configurator/query?context=urn%3Amadoc%3Asite%3A2&service=madoc-i18n HTTP/1.1 200 139 "-" "-"
gateway-1         | 07/Dec/2025:18:13:38 +0000 | --> GET /s/turfan/madoc/api/locales HTTP/1.1 200 184 "-" "-"
gateway-1         | 07/Dec/2025:18:13:38 +0000 | --> GET /api/madoc/pm2/list HTTP/1.1 200 4747 "-" "-"
gateway-1         | 07/Dec/2025:18:13:38 +0000 | --> GET /s/turfan/admin/global/status HTTP/1.1 200 10642 "https://iiif-test.crossasia.org/s/turfan/admin/tasks/4fc13dca-99bc-4bd6-b460-d599474857fc" "172.16.177.118"
gateway-1         | 07/Dec/2025:18:13:38 +0000 | --> GET /s/default/madoc/assets/admin-50b996b3.js HTTP/1.1 200 1057 "https://iiif-test.crossasia.org/s/turfan/admin/global/status" "172.16.177.118"
gateway-1         | 07/Dec/2025:18:13:38 +0000 | --> GET /s/default/madoc/assets/Atlas.helpers-0869dd3b.js HTTP/1.1 200 34852 "https://iiif-test.crossasia.org/s/turfan/admin/global/status" "172.16.177.118"
gateway-1         | 07/Dec/2025:18:13:38 +0000 | --> GET /s/default/madoc/assets/StyledForm-60f06ba7.js HTTP/1.1 200 3328 "https://iiif-test.crossasia.org/s/turfan/admin/global/status" "172.16.177.118"
gateway-1         | 07/Dec/2025:18:13:38 +0000 | --> GET /s/default/madoc/assets/render-client-6ee38cc6.css HTTP/1.1 200 3655 "https://iiif-test.crossasia.org/s/turfan/admin/global/status" "172.16.177.118"
gateway-1         | 07/Dec/2025:18:13:38 +0000 | --> GET /s/default/madoc/assets/render-client-0c4d1b26.js HTTP/1.1 200 435810 "https://iiif-test.crossasia.org/s/turfan/admin/global/status" "172.16.177.118"
gateway-1         | 07/Dec/2025:18:13:38 +0000 | --> GET /s/default/madoc/assets/vendor-166275c9.js HTTP/1.1 200 2499216 "https://iiif-test.crossasia.org/s/turfan/admin/global/status" "172.16.177.118"
gateway-1         | 07/Dec/2025:18:13:38 +0000 | --> GET /s/default/madoc/assets/admin-50b996b3.js.map HTTP/1.1 200 1268 "-" "172.16.177.118"
gateway-1         | 07/Dec/2025:18:13:38 +0000 | --> GET /s/default/madoc/assets/Atlas.helpers-0869dd3b.js.map HTTP/1.1 200 179964 "-" "172.16.177.118"
gateway-1         | 07/Dec/2025:18:13:38 +0000 | --> GET /s/default/madoc/assets/render-client-0c4d1b26.js.map HTTP/1.1 200 1561927 "-" "172.16.177.118"
tasks-api-1       |   [90m-->[39m [1mGET[22m [90m/tasks?all=true&all_tasks=true&page=1&per_page=1&subject=urn%3Amadoc%3Acollection%3A852596[39m [32m200[39m [90m31ms[39m [90m68b[39m
tasks-api-1       |   [90m<--[39m [1mGET[22m [90m/tasks?all=true&all_tasks=true&page=1&per_page=1&subject_parent=urn%3Amadoc%3Acollection%3A852596[39m
tasks-api-1       |   [90m-->[39m [1mGET[22m [90m/tasks?all=true&all_tasks=true&page=1&per_page=1&subject_parent=urn%3Amadoc%3Acollection%3A852596[39m [32m200[39m [90m177ms[39m [90m68b[39m
tasks-api-1       |   [90m<--[39m [1mGET[22m [90m/tasks?all=true&all_tasks=true&page=1&per_page=1&subject=urn%3Amadoc%3Acollection%3A852596[39m
tasks-api-1       |   [90m-->[39m [1mGET[22m [90m/tasks?all=true&all_tasks=true&page=1&per_page=1&subject=urn%3Amadoc%3Acollection%3A852596[39m [32m200[39m [90m28ms[39m [90m68b[39m
tasks-api-1       |   [90m<--[39m [1mGET[22m [90m/tasks?all=true&all_tasks=true&page=1&per_page=1&subject_parent=urn%3Amadoc%3Acollection%3A852596[39m
tasks-api-1       |   [90m-->[39m [1mGET[22m [90m/tasks?all=true&all_tasks=true&page=1&per_page=1&subject_parent=urn%3Amadoc%3Acollection%3A852596[39m [32m200[39m [90m172ms[39m [90m68b[39m
tasks-api-1       |   [90m<--[39m [1mGET[22m [90m/tasks?detail=true&page=1&type=madoc-collection-import[39m
tasks-api-1       |   [90m-->[39m [1mGET[22m [90m/tasks?detail=true&page=1&type=madoc-collection-import[39m [32m200[39m [90m34ms[39m [90m247.97kb[39m
tasks-api-1       |   [90m<--[39m [1mDELETE[22m [90m/tasks/bc277f74-b898-4b2a-bf7d-61f80fa2ccbb[39m
tasks-api-1       |   [90m-->[39m [1mDELETE[22m [90m/tasks/bc277f74-b898-4b2a-bf7d-61f80fa2ccbb[39m [32m204[39m [90m33ms[39m [90m[39m
tasks-api-1       |   [90m<--[39m [1mGET[22m [90m/tasks?detail=true&page=1&type=madoc-collection-import[39m
tasks-api-1       |   [90m-->[39m [1mGET[22m [90m/tasks?detail=true&page=1&type=madoc-collection-import[39m [32m200[39m [90m8ms[39m [90m246.21kb[39m
tasks-api-1       |   [90m<--[39m [1mPOST[22m [90m/tasks[39m
tasks-api-1       |   [90m-->[39m [1mPOST[22m [90m/tasks[39m [32m201[39m [90m57ms[39m [90m2.04kb[39m
tasks-api-1       |   [90m<--[39m [1mPOST[22m [90m/tasks/9fd6711c-6a31-4e73-916b-34c94a4c6791/accept[39m
tasks-api-1       |   [90m-->[39m [1mPOST[22m [90m/tasks/9fd6711c-6a31-4e73-916b-34c94a4c6791/accept[39m [32m200[39m [90m7ms[39m [90m2.11kb[39m
tasks-api-1       |   [90m<--[39m [1mGET[22m [90m/tasks/9fd6711c-6a31-4e73-916b-34c94a4c6791?all=true&root_statistics=true[39m
tasks-api-1       |   [90m-->[39m [1mGET[22m [90m/tasks/9fd6711c-6a31-4e73-916b-34c94a4c6791?all=true&root_statistics=true[39m [32m200[39m [90m6ms[39m [90m2.21kb[39m
tasks-api-1       |   [90m<--[39m [1mPOST[22m [90m/tasks/9fd6711c-6a31-4e73-916b-34c94a4c6791/subtasks[39m
tasks-api-1       |   [90m-->[39m [1mPOST[22m [90m/tasks/9fd6711c-6a31-4e73-916b-34c94a4c6791/subtasks[39m [32m201[39m [90m39ms[39m [90m16.12kb[39m
tasks-api-1       |   [90m<--[39m [1mPATCH[22m [90m/tasks/9fd6711c-6a31-4e73-916b-34c94a4c6791[39m
tasks-api-1       |   [90m-->[39m [1mPATCH[22m [90m/tasks/9fd6711c-6a31-4e73-916b-34c94a4c6791[39m [32m200[39m [90m7ms[39m [90m2.08kb[39m
tasks-api-1       |   [90m<--[39m [1mPOST[22m [90m/tasks/a2576a4b-65bd-4d80-baf2-6cef8d718071/accept[39m
tasks-api-1       |   [90m<--[39m [1mPOST[22m [90m/tasks/20f95b16-4c43-41b4-9e91-4fd529e4c27b/accept[39m
tasks-api-1       |   [90m<--[39m [1mPOST[22m [90m/tasks/1ad31932-9c17-4ec7-8e7c-f9b65719e1b7/accept[39m
tasks-api-1       |   [90m<--[39m [1mPOST[22m [90m/tasks/cbcf8268-dc89-451d-aeda-951cde7894fe/accept[39m
