// Jest Snapshot v1, https://goo.gl/fbAQLP

exports[`iiif vault building building manifest with canvas 1`] = `
Object {
  "entities": Object {
    "Annotation": Object {},
    "AnnotationCollection": Object {},
    "AnnotationPage": Object {},
    "Canvas": Object {
      "http://example.org/manifest/canvas-1": Object {
        "accompanyingCanvas": null,
        "annotations": Array [],
        "behavior": Array [],
        "duration": 0,
        "height": 0,
        "homepage": null,
        "id": "http://example.org/manifest/canvas-1",
        "items": Array [],
        "label": Object {
          "none": Array [
            "Canvas 1",
          ],
        },
        "logo": Array [],
        "metadata": Array [],
        "motivation": null,
        "navDate": null,
        "partOf": Array [],
        "placeholderCanvas": null,
        "posterCanvas": null,
        "provider": Array [],
        "rendering": Array [],
        "requiredStatement": null,
        "rights": null,
        "seeAlso": Array [],
        "service": Array [],
        "summary": null,
        "thumbnail": Array [],
        "type": "Canvas",
        "width": 0,
      },
      "http://example.org/manifest/canvas-2": Object {
        "accompanyingCanvas": null,
        "annotations": Array [],
        "behavior": Array [],
        "duration": 0,
        "height": 0,
        "homepage": null,
        "id": "http://example.org/manifest/canvas-2",
        "items": Array [],
        "label": Object {
          "none": Array [
            "Canvas 1",
          ],
        },
        "logo": Array [],
        "metadata": Array [],
        "motivation": null,
        "navDate": null,
        "partOf": Array [],
        "placeholderCanvas": null,
        "posterCanvas": null,
        "provider": Array [],
        "rendering": Array [],
        "requiredStatement": null,
        "rights": null,
        "seeAlso": Array [],
        "service": Array [],
        "summary": null,
        "thumbnail": Array [],
        "type": "Canvas",
        "width": 0,
      },
    },
    "Collection": Object {},
    "ContentResource": Object {},
    "Manifest": Object {
      "http://example.org/manifest": Object {
        "accompanyingCanvas": null,
        "annotations": Array [],
        "behavior": Array [],
        "homepage": null,
        "id": "http://example.org/manifest",
        "items": Array [
          Object {
            "id": "http://example.org/manifest/canvas-1",
            "type": "Canvas",
          },
          Object {
            "id": "http://example.org/manifest/canvas-2",
            "type": "Canvas",
          },
        ],
        "label": Object {
          "none": Array [
            "My manifest",
          ],
        },
        "logo": Array [],
        "metadata": Array [],
        "motivation": null,
        "navDate": null,
        "partOf": Array [],
        "placeholderCanvas": null,
        "posterCanvas": null,
        "provider": Array [],
        "rendering": Array [],
        "requiredStatement": null,
        "rights": null,
        "seeAlso": Array [],
        "service": Array [],
        "services": Array [],
        "start": null,
        "structures": Array [],
        "summary": null,
        "thumbnail": Array [],
        "type": "Manifest",
        "viewingDirection": "left-to-right",
      },
    },
    "Range": Object {},
    "Selector": Object {},
    "Service": Object {},
  },
  "mapping": Object {
    "http://example.org/manifest": "Manifest",
    "http://example.org/manifest/canvas-1": "Canvas",
    "http://example.org/manifest/canvas-2": "Canvas",
  },
  "requests": Object {},
}
`;
